.\a.exe : Cannot place wall at (2,6,15) - cell already occupied by 5
At line:1 char:1
+ .\a.exe 2> errors.txt
+ ~~~~~~~~~~~~~~~~~~~~~
    + CategoryInfo          : NotSpecified: (Cannot place wa...y occupied by 5:Str 
   ing) [], RemoteException
    + FullyQualifiedErrorId : NativeCommandError
 
Cannot place wall at (2,7,15) - cell already occupied by 5
Cannot place wall at (2,8,15) - cell already occupied by 5
Cannot place wall at (2,9,15) - cell already occupied by 5
Warning: pole [2,0,3,12] must have lf < hf - Disregarded
Warning: pole [2,1,6,18] must have lf < hf - Disregarded
Warning: pole [1,0,8,22] must have lf < hf - Disregarded
Cannot place pole at [2,7,15] - cell already occupied by 5
Cannot place stair at [1,4,10] - cell occupied by type 5
Cannot place stair at [2,4,10] - cell occupied by type 5
Cannot place stair at [0,7,15] - cell occupied by type 1
Cannot place stair at [1,7,15] - cell occupied by type 3
